// Jest Snapshot v1, https://goo.gl/fbAQLP

exports[`renders correctly 1`] = `
<View
  onLayout={[Function]}
  style={
    {
      "backgroundColor": "#fff",
      "borderColor": "gray",
      "borderRadius": 12,
      "borderWidth": 0.5,
      "elevation": 2,
      "height": 40,
      "justifyContent": "center",
      "minWidth": "95%",
      "paddingHorizontal": 8,
    }
  }
>
  <View
    accessibilityLabel="acetaminophen-infant-80mg-per-ml"
    accessibilityState={
      {
        "busy": undefined,
        "checked": undefined,
        "disabled": undefined,
        "expanded": undefined,
        "selected": undefined,
      }
    }
    accessible={true}
    focusable={true}
    onClick={[Function]}
    onResponderGrant={[Function]}
    onResponderMove={[Function]}
    onResponderRelease={[Function]}
    onResponderTerminate={[Function]}
    onResponderTerminationRequest={[Function]}
    onStartShouldSetResponder={[Function]}
    style={
      {
        "alignItems": "center",
        "flexDirection": "row",
        "justifyContent": "space-between",
      }
    }
    testID="medicine-selector"
  >
    <Text
      style={
        [
          {
            "flex": 1,
            "fontSize": 16,
            "writingDirection": "ltr",
          },
          {
            "fontSize": 16,
          },
          {},
        ]
      }
    >
      Acetaminophen Infant (80mg/ml)
    </Text>
    <Image
      source={
        {
          "testUri": "../../react-native-element-dropdown/lib/commonjs/assets/down.png",
        }
      }
      style={
        {
          "height": 20,
          "tintColor": "gray",
          "width": 20,
        }
      }
    />
  </View>
</View>
`;
